/Users/luigi/.no-mistakes/worktrees/3fecfed7f577/01M40CM4T79QM997B8PX9VW8VP/.local-validation/fm-lab.OqPD6M

=== Failed publication: exit 3 ===
cat: stdout: Bad file descriptor
fm-afk-return: recovery evidence could not be published; catch-up remains pending

=== Durable gate after failed publication ===
schema	fm-afk-return.v1
started	1791015113
phase	blocked
evidence	health	GAP: watcher downtime was detected during the away window (recovery marker present)
evidence	health	GAP: the watcher beat was 999999s old at return (grace 300s)
evidence	wake	1791015111 1 check publication-proof recover this durable wake after output failure
evidence	lifecycle	recovery evidence publication failed; retry catch-up before ordinary work

=== Unacknowledged durable wake ===
1791015111	1	check	publication-proof	recover this durable wake after output failure
fm-afk-return: return catch-up is pending with no open blocker; clear the retention reason below, then run bin/fm-afk-return.sh check
catch-up retained: recovery evidence publication failed; retry catch-up before ordinary work
guard exit=4

=== Retry publication ===
=== Return brief ===
Supervisor health:
  - GAP: watcher downtime was detected during the away window (recovery marker present)
  - GAP: the watcher beat was 999999s old at return (grace 300s)
Your instructions:
  (no away-posture record for this window; legacy away flag only)
Waiting on you:
  (nothing)
Tried and failed, or could not be fixed:
  (nothing)
Landed, cleanup due:
  (nothing)
Handled while away:
  0 outcome(s) handled by the away session (0 routine, 0 escalated above)
  (no routine outcomes recorded in the store for this window)
Cost: 0 supervision outcome(s) recorded (0 routine, 0 captain); 0 task(s) live at return.
catch-up health: GAP: watcher downtime was detected during the away window (recovery marker present)
catch-up health: GAP: the watcher beat was 999999s old at return (grace 300s)
catch-up wake: 1791015111 1 check publication-proof recover this durable wake after output failure
catch-up lifecycle: recovery evidence publication failed; retry catch-up before ordinary work
fm-afk-return: catch-up clear; ordinary captain work may proceed
WAKE_ACK_REQUIRED: after handling completes run bin/fm-wake-drain.sh --ack-through 1 --recovery-generation 5478.1791015111.BEI53a

=== Interrupted handling: replay before acknowledgement ===
=== Return brief ===
Supervisor health:
  - GAP: the watcher beat was 999999s old at return (grace 300s)
  - a wake was being handled at return (recovery marker pending:handling); not a gap
Your instructions:
  (no away-posture record for this window; legacy away flag only)
Waiting on you:
  (nothing)
Tried and failed, or could not be fixed:
  (nothing)
Landed, cleanup due:
  (nothing)
Handled while away:
  0 outcome(s) handled by the away session (0 routine, 0 escalated above)
  (no routine outcomes recorded in the store for this window)
Cost: 0 supervision outcome(s) recorded (0 routine, 0 captain); 0 task(s) live at return.
catch-up health: GAP: the watcher beat was 999999s old at return (grace 300s)
catch-up health: a wake was being handled at return (recovery marker pending:handling); not a gap
catch-up wake: 1791015111 1 check publication-proof recover this durable wake after output failure
fm-afk-return: catch-up clear; ordinary captain work may proceed
WAKE_ACK_REQUIRED: after handling completes run bin/fm-wake-drain.sh --ack-through 1 --recovery-generation 5478.1791015111.BEI53a

=== Explicit post-handling acknowledgement ===

=== Empty queue and idempotent clear ===
=== Return brief ===
Supervisor health:
  - GAP: the watcher beat was 999999s old at return (grace 300s)
Your instructions:
  (no away-posture record for this window; legacy away flag only)
Waiting on you:
  (nothing)
Tried and failed, or could not be fixed:
  (nothing)
Landed, cleanup due:
  (nothing)
Handled while away:
  0 outcome(s) handled by the away session (0 routine, 0 escalated above)
  (no routine outcomes recorded in the store for this window)
Cost: 0 supervision outcome(s) recorded (0 routine, 0 captain); 0 task(s) live at return.
catch-up health: GAP: the watcher beat was 999999s old at return (grace 300s)
fm-afk-return: catch-up clear; ordinary captain work may proceed

=== Existing blocker plus unwritable publication ===
blocked publication exit=3
●━━━━━━━━━━━━━━━━━━━━━━━━━━━━━━━━━━━━━━━━━━━━━━━━━━━━━━━━━━━━━━━━━━━━━━━
●  WATCHER DOWN - SUPERVISION IS OFF
●  1 task(s) in flight, but no watcher has a fresh beacon (last beat: never, grace 300s).
●  Trust the emitted supervision protocol for this harness; do not use shell & for watcher repair.
●  This is a supervision warning only; the guarded operation WILL still run.
●  repair a missing or failed watcher cycle with the Pi tool fm_watch_arm_pi, or restart Pi with -e /Users/luigi/.no-mistakes/worktrees/3fecfed7f577/01M40CM4T79QM997B8PX9VW8VP/.pi/extensions/fm-primary-turnend-guard.ts -e /Users/luigi/.no-mistakes/worktrees/3fecfed7f577/01M40CM4T79QM997B8PX9VW8VP/.pi/extensions/fm-primary-pi-watch.ts if the extensions are not loaded.
●━━━━━━━━━━━━━━━━━━━━━━━━━━━━━━━━━━━━━━━━━━━━━━━━━━━━━━━━━━━━━━━━━━━━━━━
cat: stdout: Bad file descriptor
fm-afk-return: catch-up must finish before the captain request
catch-up health: GAP: the watcher beat was 999999s old at return (grace 300s)
catch-up wake: OPEN DECISIONS (still open, folded from the durable status logs - not just the latest line):
catch-up wake: repair-task [key=publication-blocker] blocked: repair the lab dependency
catch-up wake: OPEN DECISIONS: close one by answering it: bin/fm-send.sh <task> --resolve-key <key> '<answer>'
firstmate-actionable blocker: repair-task [key=publication-blocker] repair the lab dependency
fm-afk-return: handle each blocker now, or close it with resolved [key=...] and append a durable reclassification reason, then run bin/fm-afk-return.sh check
schema	fm-afk-return.v1
started	1791015142
phase	blocked
evidence	health	GAP: the watcher beat was 999999s old at return (grace 300s)
evidence	wake	OPEN DECISIONS (still open, folded from the durable status logs - not just the latest line):
evidence	wake	repair-task [key=publication-blocker] blocked: repair the lab dependency
evidence	wake	OPEN DECISIONS: close one by answering it: bin/fm-send.sh <task> --resolve-key <key> '<answer>'
blocker	repair-task	publication-blocker	repair the lab dependency

=== Blocker remains on readable retry ===
WARNING: watcher still down (same stale episode; last beat: never, grace 300s) - full banner already printed this episode.
=== Return brief ===
Supervisor health:
  - GAP: the watcher beat was 999999s old at return (grace 300s)
Your instructions:
  (no away-posture record for this window; legacy away flag only)
Waiting on you:
  (nothing)
Tried and failed, or could not be fixed:
  - repair-task [key=publication-blocker] still blocked, firstmate remediates before ordinary work: repair the lab dependency
Landed, cleanup due:
  (nothing)
Handled while away:
  0 outcome(s) handled by the away session (0 routine, 0 escalated above)
  (no routine outcomes recorded in the store for this window)
Cost: 0 supervision outcome(s) recorded (0 routine, 0 captain); 1 task(s) live at return.
fm-afk-return: catch-up must finish before the captain request
catch-up health: GAP: the watcher beat was 999999s old at return (grace 300s)
catch-up wake: OPEN DECISIONS (still open, folded from the durable status logs - not just the latest line):
catch-up wake: repair-task [key=publication-blocker] blocked: repair the lab dependency
catch-up wake: OPEN DECISIONS: close one by answering it: bin/fm-send.sh <task> --resolve-key <key> '<answer>'
firstmate-actionable blocker: repair-task [key=publication-blocker] repair the lab dependency
fm-afk-return: handle each blocker now, or close it with resolved [key=...] and append a durable reclassification reason, then run bin/fm-afk-return.sh check
unresolved check exit=3

=== Resolution clears catch-up ===
WARNING: watcher still down (same stale episode; last beat: never, grace 300s) - full banner already printed this episode.
=== Return brief ===
Supervisor health:
  - GAP: the watcher beat was 999999s old at return (grace 300s)
Your instructions:
  (no away-posture record for this window; legacy away flag only)
Waiting on you:
  (nothing)
Tried and failed, or could not be fixed:
  (nothing)
Landed, cleanup due:
  (nothing)
Handled while away:
  0 outcome(s) handled by the away session (0 routine, 0 escalated above)
  (no routine outcomes recorded in the store for this window)
Cost: 0 supervision outcome(s) recorded (0 routine, 0 captain); 1 task(s) live at return.
catch-up health: GAP: the watcher beat was 999999s old at return (grace 300s)
catch-up wake: OPEN DECISIONS (still open, folded from the durable status logs - not just the latest line):
catch-up wake: repair-task [key=publication-blocker] blocked: repair the lab dependency
catch-up wake: OPEN DECISIONS: close one by answering it: bin/fm-send.sh <task> --resolve-key <key> '<answer>'
fm-afk-return: catch-up clear; ordinary captain work may proceed

All real CLI assertions passed; disposable lab removed on exit.
